---
source: tests/physics_bdd.rs
assertion_line: 66
expression: "&ddlog.deltas"
---
[
  NewPosition(
    entity: 1,
    x: 0.5,
    y: 0.5,
    z: 0.0,
  ),
]
